INFO:     Will watch for changes in these directories: ['D:\\yeon\\ai-chatbot\\AI-Chatbot\\backend\\app']
INFO:     Uvicorn running on http://127.0.0.1:8080 (Press CTRL+C to quit)
INFO:     Started reloader process [16488] using WatchFiles
INFO:     Started server process [1348]
INFO:     Waiting for application startup.
INFO  [alembic.runtime.migration] Context impl SQLiteImpl.
INFO  [alembic.runtime.migration] Will assume non-transactional DDL.
INFO  [sqlalchemy.engine.Engine] BEGIN (implicit)
INFO  [sqlalchemy.engine.Engine] SELECT count(*) AS count_1 
FROM users
INFO  [sqlalchemy.engine.Engine] [generated in 0.00024s] ()
INFO  [sqlalchemy.engine.Engine] SELECT users.id, users.email, users.external_id, users.hashed_password, users.role, users.is_active, users.created_at, users.updated_at 
FROM users 
WHERE users.email = ?
INFO  [sqlalchemy.engine.Engine] [generated in 0.00027s] ('user@test.company.com',)
INFO  [sqlalchemy.engine.Engine] UPDATE users SET hashed_password=?, updated_at=(CURRENT_TIMESTAMP) WHERE users.id = ?
INFO  [sqlalchemy.engine.Engine] [generated in 0.00026s] ('$2b$12$6E78IXqBY1kg1ZDKbjzuXeFD7wy7kEk5NzF.b8llrV3SAmFt6N7XG', '2b277005ab934600a6ccf6bad4cfe1ff')
INFO  [sqlalchemy.engine.Engine] SELECT users.id, users.email, users.external_id, users.hashed_password, users.role, users.is_active, users.created_at, users.updated_at 
FROM users 
WHERE users.email = ?
INFO  [sqlalchemy.engine.Engine] [cached since 0.3101s ago] ('admin@test.company.com',)
INFO  [sqlalchemy.engine.Engine] UPDATE users SET hashed_password=?, updated_at=(CURRENT_TIMESTAMP) WHERE users.id = ?
INFO  [sqlalchemy.engine.Engine] [cached since 0.2546s ago] ('$2b$12$VNbWosJIKnhNXF9sSz.4b.YE/m7F4diB/0u4SLf4/INeNx.r8Eqoi', '811481cd536f408b8532cb6a2f9685a2')
INFO  [sqlalchemy.engine.Engine] DELETE FROM conversations WHERE conversations.updated_at < ?
INFO  [sqlalchemy.engine.Engine] [generated in 0.00015s] ('2026-03-13 01:40:14.944569',)
INFO  [sqlalchemy.engine.Engine] COMMIT
